34 326 498 573 1150 1214 1386 1394 2205 2435 2994 3412 4316 4392 4809 5066 5449 5572 5746 6029 6170 6354 6361 6958 7032 8077 8390 8909 8914 9068 9212 10572 10632 10661 10746 11195 11644 11671 11922 12032 12314 12425 12573 13241 13819 13834 14331 14344 15430 16201 16263 16438 16859 17018 17024 17075 17424 17494 17887 17948 19379 19703 20093 20108 20210 20241 20318 21045 21101 21166 21582 21671 21710 21970 23342 25875 26361 26477 26984 27402 27567 27683 28148 28226 28286 28859 29395 29441 30056 30444 30591 30915 31061 31185 31491 31904 31992 32607 32622 32733
