308 689 1523 1699 1746 1818 1855 2522 2671 2693 2796 3378 4616 5121 5419 5889 6232 6649 6856 7357 7579 7867 8101 9079 9596 9912 11012 11355 11749 11979 12062 12129 12541 12669 12889 13010 13205 13405 13555 13818 14309 14585 14678 14699 14828 14939 15442 15486 15674 16088 16244 16510 16536 16555 16827 17071 17309 17355 17862 17969 18017 18157 18944 19143 19146 19579 19714 19894 20123 20701 21885 22173 22862 23115 23347 24153 24380 24493 24501 24543 24756 24884 25136 25154 25330 25610 25748 25779 26291 26979 27080 27178 27369 27986 28394 28925 28929 29046 29151 29222 29569 29823 29833 29891 30072 30088 30179 30186 30388 30421 30646 30649 30803 31324 32066 32154 32159 32365 32538 32589 32707
