108 540 705 1313 1374 1394 1405 1519 1748 1750 1818 1861 2014 2061 2668 2818 3420 3558 4123 4336 4418 4784 4906 5501 5758 5956 6267 6390 6533 6953 7114 7320 7526 7617 7680 7970 7990 8751 8944 9112 9210 9421 9772 9902 9905 10006 10067 10162 10166 10346 10518 10829 10917 11114 11241 11916 12430 12625 12725 13262 13857 14356 14367 14372 14675 15007 15055 15102 15209 15440 16007 16072 16317 16623 17371 18326 18433 18467 18688 18763 18910 19143 19366 19532 20109 20528 20818 21534 21956 22462 22536 22928 23121 23138 23188 23519 23801 23844 23959 24067 24555 24753 24925 25259 25262 25766 25862 25986 26062 26287 26363 26419 26433 26462 26484 27007 27054 27174 27252 27369 27498 27499 27805 27854 27978 28227 28304 28412 28511 28543 28670 28787 28820 29426 29503 29890 29988 30289 30318 30403 30474 30775 30775 30893 30921 31773 32368
