272 405 632 1329 1389 1491 1699 1736 1998 2313 2573 2610 2849 3221 3291 3490 3813 3869 3897 3929 3989 4437 5011 5131 5267 5313 5602 5896 6050 6341 6977 7154 7395 7594 8317 8362 8368 8529 8581 8699 9069 9125 9307 9593 9768 9921 10164 10600 11168 11236 11430 11505 11567 12070 12173 12768 13111 13121 13229 13260 13359 13673 13674 14013 14243 15027 15057 15066 15177 15601 17153 17166 17387 17757 18143 18374 18462 18653 18751 18985 19288 19401 19608 19942 20330 20415 20561 21043 21064 21076 21446 21626 21841 21960 22027 22066 22314 22409 22507 23425 23935 23965 24013 24021 24064 24233 24471 24519 24909 25095 25216 25644 26109 26162 26431 26917 26981 27104 27699 28253 29029 29582 30241 30797 31416 32020 32373
