72 610 667 912 1569 1641 1662 1686 1708 1781 2198 2498 2509 2588 2667 2740 2827 2935 3149 3183 3274 3400 3531 3915 4462 4471 4998 5059 5324 5365 6031 6056 6497 6869 7096 7309 7424 7640 8296 8790 8910 9153 9320 9345 9870 9953 10354 10807 11076 11162 11184 11277 11371 11536 11801 11943 12990 13082 13297 13676 13721 13748 13827 13878 14084 14631 14700 14822 14858 15852 16051 16300 16332 16502 17062 17164 17181 17676 17858 18036 19052 19317 19694 19867 19903 20076 20539 20657 21204 21276 21305 21415 22049 22077 22491 22669 22672 23005 23283 23513 24109 24423 24535 24591 24731 24740 24952 25097 25603 25758 25984 26012 26367 26745 27020 27055 27217 27710 28137 28314 28734 28902 29636 29665 29745 30069 30132 30445 30625 31095 31139 31502 32053 32077 32083 32236 32420
