114 441 444 560 761 955 1278 1402 1413 1552 1986 2491 2968 3439 3525 3546 3839 4042 4077 4114 4297 4395 4758 4775 5115 5401 5507 5830 6138 6816 6888 7006 7057 7103 7201 7260 7268 7313 7386 7490 7499 7711 7715 8153 8165 8218 8251 8507 8648 8917 8991 9042 9541 10354 10362 10660 10689 10907 10987 11667 11771 12000 12342 12568 12599 12661 13380 13719 14157 14246 14588 14864 15033 15178 15185 15203 15224 15900 16050 16095 17084 17166 17375 17382 17887 17907 17940 18237 18542 18684 18715 19346 19580 20209 20314 20571 20978 20999 21208 21381 21636 21662 21930 22517 22711 23155 23264 23332 23406 23549 23627 23894 23894 24195 24494 24640 24693 24759 25168 25312 25429 25438 25475 25554 25605 25765 25898 26285 26512 26891 27125 27181 27215 27733 27800 28459 28571 28911 28921 29012 29133 29609 29636 29720 29724 29812 29851 29855 30006 30075 30129 30253 30299 30561 30669 30729 30749 30828 31297 31317 31479 31965 32382 32544
