58 193 410 826 906 1197 1235 1240 1288 1674 1776 2099 2157 3211 3494 3517 3666 4215 4824 4852 5827 5938 6518 6781 7046 7086 7524 7698 7724 7828 8090 8400 8920 9010 9351 9485 9518 9681 9736 10090 10461 10856 11317 11360 11487 11509 11629 11960 12164 12186 12596 12933 13137 13170 13386 13727 13893 15011 15981 16372 16846 17221 17276 17410 17887 18007 18084 18427 18636 18706 18742 19860 20395 20560 20699 20834 21085 21365 21415 21611 21626 21940 21958 22153 22196 22300 22352 22456 22624 22808 22995 23095 23559 24099 24342 24406 24470 24583 25087 25103 25260 25724 25746 25779 25846 26262 26488 26604 26638 26736 27756 27959 27979 28654 28761 28947 29130 29648 29852 30121 30418 30833 30909 31524 31533 31923 32109 32364 32471
