263 443 646 926 1442 1598 1664 1714 1972 2015 2923 3252 3408 3552 3846 3862 4164 5245 5274 5321 5467 5515 6540 6795 6839 7821 7821 8326 8416 8515 9123 10027 11309 11361 11379 11500 11719 11783 12036 12922 13263 13404 13498 13563 13719 14940 14998 15182 15283 15650 15960 16103 16205 17848 18012 18032 18435 19052 19532 20027 20242 20350 20766 21168 21329 21944 22278 22548 22827 22828 23001 23451 23627 23970 24633 25476 25639 26109 26846 27435 27445 27896 28010 28415 28477 28726 28978 29050 29216 29331 29605 29620 29954 29955 30125 30607 30718 31163 31235 31672 32063 32081
