210 270 403 644 658 741 868 1160 1226 1745 2039 2312 2821 2972 3010 3036 3934 4223 4877 4921 5072 5238 6028 6614 7016 7132 7318 7326 7568 8036 8496 8748 9044 9247 9603 10164 10309 11135 11281 11298 11427 11639 11801 12006 12495 13098 13227 14044 14155 14377 14707 14769 15007 15357 15559 16050 16365 16495 16850 17580 18027 18570 18847 18984 19011 19219 19339 19460 19508 19525 19648 19784 20589 20647 20698 21349 21547 21796 22795 23128 23678 24625 25457 25881 26601 26737 27462 27572 27639 27684 27913 28037 28362 28794 29502 29671 29871 29895 30201 30467 31659 31775 31789 32116 32300 32395 32442 32697
