194 363 409 618 1515 1532 1547 2555 3010 3274 3922 4005 4087 4449 4640 4976 5071 5101 5756 5777 5938 6017 6718 6901 7076 7227 7445 7775 8183 8228 8619 8908 8999 9374 10012 10105 10438 10442 10536 10548 10761 10876 11457 11893 11946 12505 12542 12912 12944 13051 13056 13058 13093 13096 13555 13779 13851 14334 14417 14444 15306 15491 15572 15843 15913 15976 16186 16429 16471 16535 16719 16870 16891 17432 17956 17988 18449 18608 18690 18748 19088 19517 19757 19962 20255 20674 21159 21720 21817 22200 22318 24284 25058 25265 25541 25634 26038 26254 26335 26821 26925 26947 27281 27452 27604 27792 28384 28861 29003 29141 29172 29387 29697 30202 30251 30338 31282 31571 32166 32253 32627
