63 106 320 532 863 881 951 994 1181 1461 1601 1672 1884 1896 3233 3454 3726 3944 4303 4621 4623 4664 4797 4861 4913 5773 5846 6156 6160 6460 6550 6811 7518 7558 8116 8379 8675 8690 8780 9140 9368 9560 9874 10237 10481 10909 11017 11198 11255 11733 11857 12005 12363 12605 13272 13290 13455 13555 14143 14406 14617 15147 15308 15530 15844 15895 16261 16323 16331 16384 16443 17110 17122 18081 18476 18519 18530 18541 19068 19767 19876 20026 20459 20629 20769 20789 21128 21408 21546 21588 21619 21786 22791 23035 23136 23262 23427 23719 24632 24656 24755 24782 24820 24955 25486 25676 26058 26333 26400 26488 26499 26821 27156 27538 27547 27670 27949 28028 28252 28471 28626 29504 29640 29719 30153 30251 30962 31034 31534 31655 31659 32333 32489 32505 32516 32693
