65 435 1004 1255 1581 1681 1750 1773 1900 2135 2140 2413 2970 3081 3203 3248 4126 4483 4811 4832 4917 5773 6156 6471 6574 6834 6980 7154 7165 7326 7358 7446 7463 7846 7934 7966 8303 9167 9295 9326 9461 9634 9652 9929 10414 10469 10723 10881 11004 11074 11626 12007 12443 12851 13209 13228 13374 13730 13882 13988 14614 15019 15027 15060 16571 16778 16884 16978 17322 17634 17653 17943 18077 18332 18526 18584 18632 18744 18848 18849 18951 19484 19579 19811 19930 20088 20447 20540 20662 20760 20763 21055 21221 21222 21358 21586 21600 21640 21857 22676 23223 23350 23485 23595 23617 23672 24253 24590 24864 25065 25112 25564 25621 26129 26507 27034 27120 27299 27406 27492 27523 27725 28237 28261 28425 28520 28590 28728 28829 28857 29264 30085 30412 30931 31149 31192 31305 31873 31994 31997 32079 32148 32260 32383 32421 32692
