37 646 890 1040 1390 1576 1588 2198 3030 3124 3331 3662 3714 3940 4113 4158 4232 4279 4415 4474 4501 5021 5072 5824 5971 6198 6202 6260 6319 6507 6738 6931 7209 8673 8745 9200 9396 9397 9582 9604 9822 10157 10231 10334 10635 10861 11859 14027 14273 15111 15172 15433 15847 16128 16343 17284 17543 17917 18192 18437 18594 19218 19668 19750 20010 20945 20967 21322 21651 22096 22524 22673 22919 23094 23278 23810 23980 24313 24748 25251 25330 25619 25844 26261 27377 27497 27850 27902 28408 29385 29870 29921 29967 29987 30074 30268 30271 30453 30488 30992 31360 31413 31639 31969 32068 32321 32560 32744
