481 772 896 1107 1149 1724 1907 2054 2203 2384 2514 3339 3353 3430 4515 4536 4842 5017 5058 5426 5477 5609 5832 5944 6113 6681 6831 7005 7233 7445 8002 9008 9278 9410 9572 10183 10189 10337 10403 10581 10784 10796 10969 11331 11488 12004 12058 12460 12786 12900 12987 13591 13601 13612 13641 13717 13767 13833 13859 14152 14229 14356 14361 14523 14604 14880 14888 15006 15181 15645 15708 15848 16132 16921 17320 17488 17879 18577 19159 20118 20754 21069 21274 22098 22580 22755 22917 23392 23586 24094 24610 24743 24778 24793 25417 25723 25915 26174 26508 27093 27102 27416 27676 27719 28131 28150 28330 28355 28630 28793 29268 29381 29415 29486 29632 30045 30096 30361 30449 31173 31239 31299 31347 31418 31450 31557 31585 31667 31783 31862 31868 32061 32075 32225 32277 32326 32432
