224 348 541 1737 1828 1918 1936 2064 2144 2183 2185 2300 2358 2739 2782 3282 4068 4260 4464 4493 4664 4771 4793 4833 4908 4924 5116 5138 5218 5386 5540 5604 6053 6485 6614 6894 6914 7011 7143 7343 7376 7632 7816 8146 8288 8798 8884 9178 9184 9466 9544 9843 10125 10230 10427 10559 10659 10691 11124 11289 12305 12427 12969 13123 13342 13727 14005 14055 14128 14198 14301 14312 14527 14538 14633 14682 15073 15142 15517 15582 15642 15792 16838 17273 17407 17648 17766 18404 18963 19173 19368 19448 19938 19945 20015 20500 20528 20633 21062 21583 22031 22511 22512 22953 23265 23590 23893 24160 24198 24589 24927 25333 25342 25629 25954 26365 26610 26715 26946 26991 27034 27384 28784 28888 29433 30151 30152 30167 30824 31146 31148 31251 31280 31615 32693 32705 32756
