93 371 502 595 615 691 1213 1250 1596 1786 1796 2097 2249 2315 2523 2581 2697 2879 2898 3011 3055 3058 3208 3311 3442 3505 3508 3615 3754 4055 4372 4502 4536 5353 5370 5797 6411 6432 6806 7789 7838 7938 8053 8054 8320 8629 8663 8721 8754 9223 9264 9592 9685 9706 9745 9845 10086 10429 10497 10575 10599 11536 11675 11688 11732 12110 12274 12561 12673 12693 12899 13413 13622 14367 14899 15129 15188 15251 15749 15827 16034 16087 16255 16292 16339 16485 16553 16659 16686 16991 17259 17282 17291 17300 17318 17519 17594 17692 17728 17995 18526 18557 18741 18934 19066 19083 19280 19467 19517 20056 21006 21348 21424 21621 21658 22159 22293 22407 22662 22924 23051 23361 23490 23609 23732 23884 24017 24020 24505 24627 24853 24875 24996 25039 25196 25225 25308 25502 25516 25757 25929 26021 26021 26215 26737 27239 27573 28421 28607 28669 29010 29063 29118 29231 29475 29555 29990 30335 30624 30710 30750 30760 30909 30934 30957 31113 31261 31958 32058 32227 32477 32502 32513 32570 32645 32683
