755 1426 1963 2709 2997 3098 3167 3551 3889 3979 4148 4173 4767 5548 5670 5675 6034 6104 6116 6843 6960 7053 7310 7448 8097 8129 8195 8245 8900 9024 9490 9599 10066 10237 10342 10359 10370 10774 11660 12312 12381 12728 13076 13700 13903 14095 14282 14565 14657 15161 15375 15461 15755 15811 16399 17306 17605 17667 17982 18532 18608 19008 19030 19098 19367 20058 20059 20195 20283 20817 21054 21467 22220 22260 22778 22812 22902 23304 23647 24146 24228 24311 24485 24604 25062 25095 25242 25629 25679 25693 25723 25839 26232 26936 27507 27999 28903 29030 29046 29327 29608 29647 30276 30454 30581 30682 30711 30731 30927 31170 31872 32235
