180 428 519 695 719 1785 1933 1964 2199 2334 2860 2888 2928 3018 3123 4272 4322 4556 4598 4658 4931 5030 5176 5196 5592 5641 5710 5711 5803 6026 6067 6292 6644 6906 6992 7292 8153 8155 8669 9172 9222 9264 9395 9435 10011 10115 10218 10738 11110 11870 12503 13024 13106 13379 13866 13902 13940 14051 14223 14470 14489 14727 14732 14860 15232 15398 15593 15606 15660 15664 15705 16618 17085 17243 17408 17871 17912 18446 18453 18635 18722 19087 19538 19771 20214 20274 20761 20762 20780 21017 21634 21708 21714 21741 22003 22006 22054 22136 22192 22320 22579 22759 23378 23604 23786 23897 24175 24509 24526 24662 24887 24892 25135 25881 25978 26361 26686 26801 26846 26864 27443 27731 27865 29075 29160 29319 29422 29435 29468 29580 29583 29721 30136 30665 31279 31287 31588 32045 32333 32540 32637 32731
