10 207 230 484 564 1011 1131 1136 1142 1533 1633 2354 2612 2706 2763 2910 3841 3947 4496 4722 4836 5077 5152 5164 5168 5516 6005 6222 6351 6617 6819 6945 7085 7161 7407 7978 8044 8161 8229 8309 8367 8905 9151 9168 9353 9435 9584 9821 9918 9939 9969 10413 10843 10953 11047 11131 11262 11706 11736 11802 11876 11897 12071 12159 12223 12374 12376 12796 12808 12841 12931 13058 13503 13536 13632 13704 13711 13862 14088 14176 14385 14514 14714 15112 15215 15234 15349 15551 15708 16431 16537 16710 16713 17344 17758 18048 18200 18320 18450 18767 19154 19247 19318 19435 19637 19998 20130 20241 20702 20824 20840 21200 21559 22093 22634 23089 23095 23108 23344 23643 23964 24226 24402 24551 24652 25094 25179 25489 25946 26181 26599 26634 26659 27010 27019 27111 27215 27326 27592 27612 28056 28192 28269 28360 28836 28877 29216 29311 29432 29496 29724 29778 29815 29823 30096 30503 30683 30695 31048 31260 31598 31774 31824 32097 32194 32213
