54 93 95 305 598 805 817 858 980 1028 1073 2025 2253 2963 3406 3455 3764 4301 4778 4819 5027 5038 5098 5209 5248 5328 5379 5592 5655 5690 5719 5810 6208 6816 7308 7470 7472 7542 8256 8923 9157 9253 9812 9855 9910 9948 10112 10135 10299 10422 10482 10526 10604 10793 11278 11760 11792 12057 12491 12610 12991 13227 13308 13438 13442 13859 14197 14213 14376 14742 15034 15075 15338 15471 15576 15613 15810 16213 16282 16299 16502 16536 17191 18127 18162 18511 18543 18740 18911 19355 19526 19535 20547 20770 21323 21426 21451 21771 21826 22139 22253 22639 22876 22886 22904 23004 23699 23891 24067 24142 24567 24936 25208 25350 25483 25498 25596 25788 26067 26111 26134 26139 26143 26244 26338 26744 26853 27661 27796 28014 28113 28162 28247 28303 28363 28389 28430 28904 29300 29699 29805 29846 30129 30236 30534 30580 30728 30754 30911 31676 31842 31898 32164 32230 32371 32373 32511 32527 32639
