84 122 269 420 511 812 926 952 1149 1953 2142 2174 2212 2403 2517 2711 2988 3009 3181 3273 3527 3620 4251 4725 4751 4820 5089 5192 5361 5525 5571 5790 5913 5939 6130 6236 6333 6668 6724 6809 6878 7468 7533 7691 7878 7904 8247 8397 8593 8701 8778 8860 9018 9042 9371 9623 9938 10283 10328 10411 10765 11000 11094 11255 11335 11699 11769 11943 12040 12100 12403 12742 12762 12872 12879 13085 13112 13185 13186 13439 13447 13795 14221 14227 14790 14996 15082 15130 15168 15253 15338 15496 15812 16031 16268 16317 16414 16821 17165 17255 17309 17721 17937 18294 18518 18676 18860 19214 19357 19521 19803 19838 20157 20435 20815 21180 21686 22071 22135 22608 22704 23047 23093 23341 23344 23637 23746 23856 24214 24263 24630 25163 25229 25249 25450 25469 25507 25514 26082 26313 26559 26574 26619 26694 26763 26819 27007 27356 27364 27419 27618 27653 27829 28244 28614 28711 28918 29004 29356 29679 30169 30321 30751 31290 31475 31581 31828 31883 32181 32301
