84 216 1043 1221 1904 1905 1969 2002 2618 2891 2925 3068 3121 3321 3451 3552 3822 4028 4389 4402 4521 4593 5850 6083 6419 6565 6609 6736 6792 6860 6868 7345 7377 7542 7652 7893 8415 8417 8802 9093 9251 9327 9715 10037 10165 10173 10393 10449 10467 10578 10850 11033 11261 11505 11566 11720 11768 11962 12188 12282 12315 12476 12548 12966 13159 13883 13999 14198 14444 14788 14972 15095 15354 15442 15596 16446 16584 16721 16989 17019 17137 17282 17289 17482 17664 17749 18227 18554 18840 19265 19334 19446 19538 19721 19729 19732 19803 19916 20258 20510 20598 21292 21319 21337 21470 21624 22128 22188 22226 22680 22800 22826 23218 23379 23652 23776 24139 24204 24328 24521 24549 24642 25024 25076 25186 25238 25336 25357 26262 26333 26482 26555 26738 26740 27228 27414 27676 27998 28089 28534 28615 28650 28903 29131 29345 29540 29869 30628 30681 30877 30978 30999 31192 31244 31318 31356 31410 31519 31703 31921 32089 32113 32481
