83 180 240 367 416 463 656 792 831 1164 1189 1548 2212 3202 3396 4300 4777 5172 5272 5305 5548 6270 6427 7160 7293 7488 7593 8063 8196 8798 9006 9039 9220 9309 9777 10428 10638 11572 11596 11980 11997 12345 12589 12608 13096 13220 13380 13639 13996 14427 14438 14441 14910 14938 15230 15233 15438 16073 16680 16855 16891 16916 17179 17532 17624 17639 17786 17939 18207 18315 18365 18389 19157 19754 19856 20316 20383 20962 21269 21519 21673 21705 22276 22301 22523 23181 23349 23750 23972 24400 24503 24659 24863 25242 25551 25560 25898 26224 26358 26386 26392 26654 26850 27093 27154 27292 27361 27491 27633 27979 28652 29204 29265 29746 30014 30069 30117 30218 30656 30680 30696 31299 31310 31544 31650 31657 31922 32261 32279 32316 32381 32515 32569
