149 256 287 293 366 567 821 1242 1268 1359 1958 2064 2500 2834 2856 2965 3096 3137 3391 3403 3480 3498 3880 4189 4204 4366 4538 4874 4919 4923 5302 5320 5834 5882 6414 6432 6627 7091 7361 7512 8414 8439 8459 8531 8911 9074 9378 9453 9557 9833 9848 9859 9896 10037 10138 10199 10261 10291 10509 10695 11165 11213 11378 11897 12362 12369 12458 12481 12484 12653 12970 13215 13358 13505 13616 13729 13801 13824 13955 14072 14119 14224 14525 14725 15356 15434 15679 15760 15770 15925 16167 16677 16791 17002 17105 17556 17711 17788 17937 18284 18601 19808 20206 20331 20488 20709 20837 21180 21250 21292 21400 21708 22302 22343 22730 22776 22802 22878 23102 23132 23209 23330 23472 23663 24259 24447 24647 25061 25087 25313 25546 25668 26072 26466 26639 26815 27536 27665 27716 28143 28315 28404 28424 28687 28738 28918 29033 29036 29080 29145 29337 29395 29443 29614 29644 29820 29833 29957 30108 30113 30290 30573 30784 30804 30894 30947 31163 31230 31355 31446 31783 31806 32508 32530
