51 466 671 865 927 1483 1709 1951 2178 2295 3014 3139 3142 3465 3468 3814 4573 4723 4739 4922 4956 5120 6211 6438 6746 7264 8140 8308 10166 10484 10502 10682 10797 11227 11287 11590 12394 13276 13416 13598 14121 15105 15383 15399 15448 15589 15901 16497 16884 17475 17559 17626 17747 18254 19122 19526 19544 19628 19835 19896 20694 20834 20910 21002 21357 21444 21849 22151 22361 22462 22585 22715 22734 22858 23045 23370 23671 23771 23886 24050 24238 24270 24337 24616 24824 25571 25656 25745 26079 27344 27538 27795 28105 28265 28687 29737 30418 30778 30834 31982 32116 32166
