377 420 1182 1218 1232 1254 1477 1555 1885 2045 2607 2888 3246 3343 3447 3928 4243 4476 4481 4619 4984 5048 5625 5694 6064 6363 6418 6842 6966 7520 7572 7866 7953 7965 8072 8751 8889 9012 9109 9570 9616 10027 10360 11143 11652 13016 13078 13564 13839 13883 14067 15095 15147 15439 15473 15600 15762 16020 16058 16246 16246 16364 16504 16702 16754 16831 16974 16996 17050 17326 17674 18228 18519 18604 18774 18889 19087 19285 19461 19985 20022 20266 20884 21451 21521 21622 21806 22419 22458 22738 22997 23907 24399 24467 24777 25220 25608 26009 26204 26325 26449 26705 26729 27629 27635 27671 28189 29438 30343 30459 31077 31338 31395 31512 31595 31647 31698 31806 32497 32510
