1404 1554 2043 2344 3126 3764 3981 3987 4918 5156 6257 7088 7538 8070 8366 8511 8577 8578 8602 8906 8924 9117 9290 10206 11243 11243 11423 11555 11580 11913 11948 12178 12219 12624 13057 13232 13624 13788 14000 14174 14208 14505 15004 15169 15998 16253 16853 16869 17211 17276 17641 17753 17965 18180 19151 19182 19296 19304 19693 20015 20136 20801 20861 20933 20941 21562 21585 21623 21672 21712 21844 21890 21996 22111 22248 23484 23518 23609 23835 24461 24622 24726 24832 24901 24985 25133 25810 25959 26890 27725 28072 28457 28524 28828 28877 29299 29403 29489 29789 29861 30299 30836 31840 31893 32196 32204 32412 32514
