59 265 864 1065 1189 1820 2505 2654 2991 3268 3456 3944 3976 4124 4177 4436 4719 4739 5743 6263 6371 6455 6476 7521 8033 8100 8283 8363 8515 8701 9242 10383 10967 11117 11402 11489 11932 12199 12563 12829 13035 13066 13282 13303 13380 13812 13930 13985 14241 14294 14443 15518 16036 16565 17642 17691 18788 19023 19169 19364 19838 20085 20250 20782 21340 21712 21728 21795 21817 22656 22915 23115 23149 23297 23306 23345 23946 24071 25149 25843 26319 26933 27827 27983 28511 28553 28808 29185 29483 29917 30649 30690 30732 31190 31292 31572 31759 31768 31771 32419
