194 300 311 401 561 773 873 1031 1063 1651 1714 2043 2086 2173 2370 2437 3669 3838 3892 3896 4013 4333 4636 4882 5084 5181 5317 5667 5721 5816 5894 5929 6132 6136 6170 6349 6466 6608 6619 6694 6721 6752 6857 7310 7900 8282 8867 8936 9054 9131 9764 10009 10064 10563 10908 10985 10999 11032 11111 11887 12077 12207 12379 12511 12873 12894 13032 13199 13397 13518 13595 13618 13755 13801 14293 14583 15539 15620 15900 15934 15936 16219 16323 16412 16448 16619 17650 17656 17933 17988 18098 18133 18170 18942 19114 19436 19608 20401 20404 20450 20591 20702 20765 21422 21805 21945 21953 22027 22245 23006 23473 23666 23729 24171 24200 24302 24398 24405 24412 24736 24741 25078 25085 25136 25217 25305 25327 25991 26095 26595 26738 26819 26828 27151 27283 27314 27315 27567 27666 28027 28452 28497 28500 28789 29098 29191 29306 29389 29478 29593 29915 30415 30710 30962 30998 31565 32151 32527
