136 235 694 1222 1613 1790 1853 1863 1940 2084 2161 2334 2472 2473 2502 2684 2804 2984 3124 3239 3568 3589 3667 3735 3865 3933 3938 4171 4411 4597 4713 5012 5291 5460 5494 5696 6119 6141 6351 6753 7162 7896 8535 8617 8947 9111 9598 9718 9754 9838 10184 10384 10404 10588 10969 11066 12022 12046 12344 12514 12672 12944 13449 13727 14105 14411 14648 14719 14834 14922 15287 15354 16349 16660 16751 16812 17322 17768 17832 18162 18425 18573 18575 18754 18907 19022 19030 19170 19211 19278 19290 19366 19375 19488 20232 20234 20236 20349 20644 20769 21556 21895 22098 22458 22471 22487 22688 22781 22804 23147 23409 23493 23524 23742 23921 24092 24262 24485 24609 24695 24792 24850 24875 25265 25384 25542 25559 26229 26305 26320 26373 26450 26499 27673 27889 28001 28577 28678 28967 29047 29071 29150 29260 29292 29606 30276 30445 31117 31271 31293 31463 31479 31531 31619 31816 31865 31928 31983 32047 32085 32105 32228 32274 32466 32510 32646
