53 81 129 201 615 874 1511 1551 2064 2349 3124 3545 3684 3971 4324 4359 4519 4655 5032 5150 5230 5276 5382 5489 6181 6216 6440 6610 6663 6808 6817 7033 7297 7568 7733 8199 8477 8530 8808 9009 9086 9143 9509 9556 9608 9882 10342 10844 10885 10910 11092 11608 11727 11729 11848 11905 11953 12111 12537 12547 12899 13036 13214 13227 13820 13869 13938 13962 14210 14286 14389 14505 14644 14915 15765 15959 16875 17025 17185 17367 17520 17643 17756 18085 18174 18225 18271 18616 18865 19305 19523 19625 19902 19989 20303 20313 20430 20772 21055 21237 21247 21493 21629 21855 22210 22271 22283 22392 22500 22974 23117 23378 23721 23730 23751 23863 23941 23943 24556 24767 24951 25031 25112 25634 25663 25774 26038 26658 26695 27423 27539 27569 27660 27671 27993 28307 28508 28665 28961 29024 29366 29590 29666 29758 29826 29904 29931 29950 30019 30428 30445 30661 30892 31051 31633 31693 31753 31854 32319 32478
