459 871 1506 1752 2386 2415 2959 3016 3836 4021 4190 4322 4378 4434 4526 4541 4866 4928 5245 5400 5895 6022 6472 6511 6683 6775 7183 7669 8025 8856 9116 9209 9921 10141 10936 11229 11268 11858 11860 12187 12472 12907 13974 14296 14726 14931 15179 15230 15428 15623 16195 16977 17780 18138 18204 18275 18456 18526 18742 18866 18996 19378 19714 19950 20693 21683 21872 22013 22052 22192 22674 22769 22871 23042 23372 23386 23650 24187 24217 24518 24529 24554 24817 24829 24903 24961 24970 25157 25326 25422 25703 25767 25884 26316 26442 26732 26816 26965 27013 27193 27208 27377 27411 27447 27754 27783 27890 28029 28210 28327 28475 29064 29519 29708 30363 30812 31467 31491 32222
