181 196 335 516 690 1015 1023 1082 1508 1967 2007 2180 2238 2402 2723 3008 3126 3364 3399 3669 3864 3879 4090 4374 4449 4463 5421 5548 5785 6324 6631 6746 7227 7835 8081 8414 8574 8742 9146 9388 9412 9457 9772 10098 10138 10580 10872 11055 11138 11434 11557 11691 11993 12060 12061 12355 12638 13065 13305 13410 13428 13735 14083 14183 16125 16342 16678 16844 16854 17374 17737 17837 18340 18953 19154 19815 19975 20044 20149 20448 20658 21027 21262 21460 21507 21507 21526 21646 22083 22194 23277 23407 23756 23892 23941 24133 24580 24993 25344 25395 25409 25765 25827 25870 25877 26005 26310 26447 26649 26909 27192 27276 27350 27557 27662 27779 27829 27985 28120 28474 28496 28746 29784 29827 30052 30544 30910 31079 31143 31152 31386 31736 32424
