490 497 504 510 571 730 776 852 1020 1745 1812 2134 2183 2360 3001 3625 3662 3935 4687 4689 4933 5005 5023 5055 5056 5633 5663 6014 6331 6455 6496 6511 6761 7319 7587 7693 7944 7952 8165 8339 8405 8933 9220 9251 9259 9736 9749 9971 10342 10378 10469 10620 10866 11148 11187 11517 11695 11887 11933 11943 12232 12611 12659 12806 12865 12997 13074 13701 13706 13866 13884 13905 14297 14561 14905 14961 15410 16072 16337 16691 16755 17044 17113 17536 17914 18846 19013 19537 19673 19694 19776 20104 20338 20681 20999 21299 21437 21449 21565 21783 22086 22652 22748 22919 22927 23044 23436 23461 23976 24154 24642 24837 25191 25755 25776 25779 25844 25868 26016 26575 26630 27406 27807 28032 28129 28373 28569 28658 29018 29203 29264 29344 29778 30011 30149 30162 30644 30745 30839 31237 31262 31707 32022 32143 32478
