46 80 196 298 723 928 1137 1695 1831 1898 2091 2657 2994 3285 3506 3563 4088 4335 4501 4590 4826 4852 5329 5501 6253 6258 6425 7370 7382 7390 7690 7821 8071 8499 8528 9046 9703 10278 10370 10931 11326 11439 11574 12455 12552 12695 12893 12893 13101 13444 13508 13528 13995 14597 14761 15124 15297 15425 15513 15755 16228 16760 17184 17407 17719 17811 18227 18507 19174 19230 19744 19824 19848 19896 20039 20148 20828 21320 21439 21444 21592 21976 22254 22321 22364 22572 22669 22858 23099 23733 23832 23858 23929 24155 24442 24609 24906 24968 25049 25475 26191 26296 26382 26919 26994 27079 27087 28126 28688 28788 28972 29422 29508 29649 29865 30130 30226 30753 30804 31015 31595 31993 32021 32221 32450 32470 32473 32622
