324 739 877 1125 1643 1728 2107 2235 2372 2505 2897 3638 4336 4591 4724 5018 5169 5379 5757 6315 6477 6671 6686 7016 7247 7578 7865 7878 7933 8145 8166 8310 8796 9633 9645 9674 9860 10179 10688 10773 10849 11116 11809 11976 12211 12245 12253 12558 12876 13388 13413 13748 14070 14375 14849 14965 15086 15483 15635 15745 16276 16305 16490 16759 17410 17512 17650 18514 18916 20110 20278 21001 21410 21998 22085 22605 22760 22802 23457 23528 23542 23781 24245 24644 24815 25040 25277 26031 26483 27536 27905 28134 28397 28479 29094 29442 29530 29647 29679 29683 29944 29991 30079 30173 30202 30692 30787 30955 30967 30995 31130 31468 31528 31774 32034 32221 32287
