124 142 147 232 350 360 501 649 778 897 1210 1260 1577 1697 1761 1837 1861 2245 2285 2478 2573 2621 2676 2714 2784 2939 2944 2962 3189 3207 3388 3456 3880 4014 4091 4563 4700 6136 6194 6324 6757 6790 6865 7239 7539 7657 8371 9211 9434 9439 9862 10412 10655 11208 11323 11552 11757 12170 12651 13257 13301 13448 14106 14165 14331 14374 14537 14937 14974 15000 15160 15506 15521 16100 16112 16306 16309 16769 17213 17245 17393 17743 18073 18126 18331 18691 19425 19564 19613 19732 20522 20772 21521 22325 22358 23154 23420 23530 23577 23958 24128 24402 24483 24781 24899 25262 25276 26096 27032 27322 27595 27617 27821 28175 28212 29016 29258 29595 29622 29657 29678 29937 30211 31296 31695 32433 32493 32639
