16 298 345 758 1007 1490 1542 1994 2098 2294 2628 2788 2906 3203 3267 3330 3415 3560 3682 4169 4387 4451 5254 5457 5478 5636 5763 6086 6343 6422 6517 6707 6789 6919 6975 7083 7314 7492 7939 8321 9223 9273 9673 9694 9833 9857 9857 9870 9959 10180 10247 10260 10340 10514 10738 10916 10990 11492 11612 11655 11785 11797 11953 12292 12732 13318 13518 13603 13897 14218 14425 14490 14682 14902 14963 15184 15281 15324 15552 15557 15722 15741 15821 17920 18234 19382 19641 19699 19741 19876 20548 21206 21607 21889 21929 21931 22315 22493 22835 23403 23638 24229 24322 24543 24837 25016 25497 25614 26178 26269 26885 27204 27211 27346 27666 27711 27995 28156 28751 29246 29672 30036 30851 31186 31385 31941 32093 32368
