543 1184 1223 1273 1273 1299 1864 1977 1992 2134 2317 2322 2502 2559 2724 2874 3022 3140 3343 3356 3794 3839 4643 4899 5397 6032 6199 6364 6479 6561 6570 6947 7154 7281 8031 8213 8440 8656 8814 9456 9648 9898 10011 10441 10643 10650 10819 11090 11437 11463 11466 12282 12408 12471 12472 12625 12854 13008 13080 13330 13430 13642 14629 14999 15301 15698 15715 15722 15906 16140 16185 16686 16750 16779 16820 16886 17045 17287 17309 17342 17969 18145 18182 18381 18570 18592 18753 18815 18830 18878 19135 19344 19690 20119 20184 20304 20447 20599 20650 20978 20994 21176 21493 21587 21863 21950 22121 22439 23022 23298 23325 23565 23786 23844 24120 24195 24304 24382 24538 24727 25271 25566 25626 26079 26080 26202 27070 27148 28071 28152 28234 28364 28370 28693 28884 28892 28969 29061 29283 29526 29927 30095 30113 30385 30830 30838 30939 31069 31375 31589 31617 31968 32119
