61 387 1682 2154 2342 2375 2375 2407 3139 3879 3998 4123 4398 4681 4711 5326 5553 5665 5840 5872 6177 6469 6699 6950 7463 7631 7669 7940 8030 8496 8515 8891 9493 9984 10380 10935 11044 11202 11343 11861 12228 12396 12488 12556 13093 13192 13598 13803 13958 14427 14588 14628 14826 14994 15231 15316 15692 16789 17458 17734 18694 18720 18731 18827 19095 19296 19872 20304 20614 20617 20788 21398 21436 21766 21810 21860 22253 22537 22736 22895 23172 23575 24064 24635 24963 25213 25402 25453 25710 27871 27975 28056 28305 28371 28926 28961 29075 29201 29307 29676 30676 31024 31369 31985 32097 32151
