221 311 489 664 838 1106 1543 2026 2372 2481 2605 2854 3331 3461 3735 3749 4029 4450 4571 4757 5293 5461 5501 5743 6031 6197 6283 6435 6713 7074 7349 7764 8199 8422 8461 8513 8672 9213 9394 9713 9734 9990 10236 10521 10611 10936 11031 11090 11493 11625 12249 12505 12727 13450 13627 13955 15185 15192 15446 15497 15603 16613 16762 16885 17197 17861 17863 17876 18794 18955 19170 19765 19779 19911 20277 20656 20928 21111 21334 21942 22045 22400 22753 22816 22869 23233 23489 24554 25298 25544 25661 25733 25787 25810 25881 25958 26135 26166 26210 26492 26522 26654 26952 27753 27912 28080 28505 28513 28533 28599 28802 28926 28953 29225 29412 29503 29593 30431 30957 30967 31179 31549 31737 31823 31834 31965 31968 32031 32432 32527
