10 308 810 1046 1058 1125 1247 1414 1421 1802 2331 2602 2629 2683 2686 2799 2855 2964 3545 3564 4457 4651 4686 4984 5061 5328 5406 5470 5745 6032 6240 6441 6501 6678 6686 6848 7091 7104 7546 8240 8264 8300 8411 9384 9571 9634 9651 10102 10231 10382 10508 10629 10816 10908 11242 11545 11549 12052 12277 12400 12401 12406 12519 13069 13249 13301 14442 14668 14821 15120 15251 15881 15898 15989 16174 16324 16358 16422 16482 16736 16792 16987 17089 17513 17683 17789 18170 18270 18519 18782 19099 19431 19446 19494 19503 19907 19949 20284 20554 20926 21047 21198 21219 21254 21404 21427 21614 22205 22393 22817 23756 24372 24684 24992 25003 25473 25480 25554 26127 26262 26307 27024 27045 27129 27241 27400 27507 27922 28057 28460 28913 29097 29424 29761 29832 29972 30019 30100 30181 30257 30381 30423 30707 30732 30847 30921 31017 31081 31349 31514 31537 31929 32504 32677 32732
