19 78 144 245 458 1010 1501 1813 1914 2107 2449 2526 2754 2899 3508 3749 3756 4195 4210 4255 4587 4719 4789 5018 5145 5532 5651 5695 6033 6218 6257 6309 6518 6799 7005 7717 7809 7959 8470 8492 8673 8792 9403 11094 11155 11202 11492 11541 11822 13225 13718 13872 13900 14267 14310 14334 14338 14360 14410 14414 14674 14856 14877 14891 14917 15484 15741 16283 16727 16960 17107 17744 17854 18030 19209 19353 19416 20228 20852 20982 21779 21803 22184 22282 22285 22326 22459 22700 22782 22960 22974 23242 23311 24056 24543 24889 25051 25145 25699 25791 25852 27800 27911 27915 28189 28205 28472 28825 28960 29435 29587 29692 29869 29885 30099 30174 30617 30903 30994 31168 31283 31355 31844 32052 32360 32522 32534 32680
