127 231 298 522 570 875 1045 1381 1834 1891 2025 2259 2557 2737 2954 3203 3398 3701 4197 4608 5155 5265 5288 5502 5721 5909 6219 6461 6480 6676 6678 6866 6990 7717 7909 8238 8279 8484 8851 8914 9005 9614 9874 9937 9939 9956 10083 10223 10586 10670 11153 11222 11236 12433 12529 12560 12668 13001 13452 13582 13608 13762 14608 14672 15220 15266 15360 15664 15706 15923 15973 15978 16027 16228 16293 16689 16853 17180 17453 17984 18191 18973 19241 19576 19914 20240 20453 21154 21506 21600 21731 22542 22659 22954 23016 23031 23284 23526 24057 24305 24626 24698 24714 25043 25206 25350 25514 25805 26056 26190 26603 26792 26819 26830 27467 27766 28154 28364 28375 28544 28729 28888 28892 29124 29190 29498 29662 30539 31130 31153 31399 31487 31972 32062 32089
