154 170 297 348 522 826 977 1051 1103 1116 1210 1257 1418 1511 1542 1924 2040 2380 2524 3181 3517 3576 3764 4206 4658 4739 4989 5481 5660 5779 5836 5920 6070 6190 6426 6894 6945 6957 7007 7910 8017 8218 8727 8931 9138 9347 9471 9475 9573 9739 10076 10651 10892 10912 11517 11600 11674 11808 11893 11970 12205 12729 12744 12835 12846 12870 12972 13077 13281 13587 13874 14205 14825 14841 14961 15626 15761 16127 16395 16494 16528 16883 16942 17167 17690 17922 17991 18021 18309 18330 18451 18893 19606 19733 19890 19900 19988 20035 20081 20857 20891 21274 21293 21569 21611 22100 22730 23036 23160 23206 23499 23704 23716 23787 24151 24197 24673 24994 25120 25123 25208 25872 26065 26265 26558 26668 26672 26809 26965 27035 27409 27509 27581 27740 28432 28497 28998 29981 30281 30289 30929 31894 31976 32110 32358 32561 32656
