111 128 544 973 978 1534 2256 3073 3279 3289 3399 3726 4364 4387 4926 4928 4985 5048 5060 5147 5152 6355 6967 7549 7568 7756 8553 8703 8741 8789 9138 9592 9641 9913 10055 10329 10357 10681 11257 11930 12296 12314 12533 12870 13137 13138 13196 13377 13542 13829 13858 14024 14246 14991 15121 15331 15597 16106 16112 16344 16546 16850 17039 17174 17499 17556 18223 18469 18545 18596 19178 19328 19706 19863 19913 20072 20210 20420 20767 20775 21140 21269 21603 21746 21796 21917 21937 21996 22270 22392 22772 22803 22838 22937 23277 23289 23317 23418 23441 24010 24084 24472 24799 25833 25905 26004 26240 26598 26627 27728 28986 29205 29241 29718 29740 29761 30257 30266 30301 31011 31822 31869 31995 32156 32573
