16 64 501 906 1129 1398 1882 2340 2442 2779 3188 3383 3945 4344 4426 4483 4514 4824 4952 5026 5319 5370 5528 5992 6201 6654 6897 7579 7646 10010 10157 10160 10246 11123 11878 11970 12035 12998 13026 13072 13295 13406 13726 14040 14177 14240 14558 14579 14637 14824 15022 16048 17016 17223 17401 17410 17484 17796 17818 18055 18207 18602 18877 18888 18936 18970 18983 19309 19977 21130 21255 21277 21285 21319 21328 21597 21936 22349 22431 22993 23449 23453 23488 24454 24542 25800 25869 26147 26548 26683 26771 26863 27043 27120 27572 27939 27975 28887 29006 29367 29473 29584 29663 30081 30109 30422 30475 31269 31618 32636
