308 415 589 628 958 1090 1297 1628 2419 2823 2900 2949 3383 3667 3684 4019 4272 4290 4463 4693 5128 5201 5303 5535 5845 6284 6488 6593 6902 7070 7685 8075 8138 8402 8815 8958 8969 9240 9413 9781 10006 10261 10286 10548 11108 11209 11214 11299 11341 11349 11606 11791 11985 12161 12427 12428 12519 12722 13052 13354 13378 13438 13962 14677 15420 16206 16237 16595 16687 16742 16820 17312 17350 17906 18091 18208 18545 18872 19496 20148 20205 20244 20483 20488 20647 21055 21385 21563 21623 21687 21765 21910 21955 22177 22383 22583 23006 23075 23756 23798 23862 23949 23979 24013 24377 24636 24719 24938 24951 24957 25128 25286 25371 25763 26332 26631 26725 27113 27331 27359 27376 27733 27896 28042 28131 28323 28324 28360 28681 28768 29759 30344 30889 31115 31235 31242 31280 31703 32043 32064
