694 1595 1842 2035 2301 2412 2495 2700 3168 3327 3654 3813 3817 3987 4417 4595 4618 4794 5599 5638 6009 6107 6845 6869 7245 7803 8084 8975 9153 9665 9739 9791 9821 9832 9903 10057 10485 10566 10810 10874 11189 11391 11546 11560 12011 12151 13392 13527 14870 15043 15159 15282 15289 15357 15505 15664 15808 15810 16410 16675 16757 17445 17447 17456 17481 17515 17602 17919 18045 18242 18717 18809 19983 19989 20008 20014 20204 20279 20363 20422 20547 20959 20969 22231 22278 22447 23118 23480 23796 23989 24020 24162 24164 24249 24344 24661 25046 25084 25216 25738 25871 26081 26611 26801 27016 27120 27234 27252 27414 27437 27520 27726 27727 27770 28291 28452 28587 29243 29328 29547 29610 29858 30047 30304 30553 31324 31475 32115 32231 32384 32394 32480
