706 739 751 1305 1424 1769 1956 2139 2286 2471 2690 2895 3194 3426 3491 3701 3842 4137 4266 4313 4409 4587 4713 4758 5529 5585 5967 6359 6363 6433 6458 6646 6823 6954 7059 7129 7204 7264 7530 8068 8269 8751 9715 9762 10029 10075 10452 10547 10852 11530 11633 11822 11839 11877 11948 12070 12278 12324 12424 12605 12731 13170 13338 14016 14067 14093 14096 14271 14660 15138 15532 15691 15842 15845 15904 16085 16380 16509 16546 17592 17753 18131 18157 18435 18821 19028 19086 19629 19662 19826 20483 20644 21078 21414 21572 21624 21951 21999 22035 22087 22092 22548 22852 23056 23524 23765 23874 24201 24218 24237 24291 24515 24604 24621 24645 24886 25021 25032 25279 25678 25847 26256 26274 26336 26344 26508 26570 26602 26637 26740 26747 26904 27089 27200 27785 28005 28007 28025 28265 28363 28608 28650 28863 29074 29239 29589 29640 29770 29985 30180 30338 30423 30567 30580 31100 31794 31948 32370
